<!DOCTYPE HTML PUBLIC "-//W3C//DTD HTML 4.01 Transitional//EN" "http://www.w3.org/TR/html4/loose.dtd">
<html>
<head>
<title></title>
<style type="text/css">
.s1{color:rgb(255,0,0);font-weight:normal;font-style:normal;}
</style>
</head>
<body>
<pre>
1<span class="s1">2</span>345
</pre>
</body>
</html>