<pre>
1<span style="color:rgb(255,0,0);font-weight:normal;font-style:normal;">2</span>345
</pre>
